`torch_dtype` is deprecated! Use `dtype` instead!
================================================================================
加载TXGemma-27B模型
================================================================================
Loading checkpoint shards:   0%|          | 0/12 [00:00<?, ?it/s]Loading checkpoint shards:   8%|▊         | 1/12 [00:00<00:07,  1.44it/s]Loading checkpoint shards:  17%|█▋        | 2/12 [00:01<00:07,  1.41it/s]Loading checkpoint shards:  25%|██▌       | 3/12 [00:02<00:06,  1.41it/s]Loading checkpoint shards:  33%|███▎      | 4/12 [00:02<00:05,  1.52it/s]Loading checkpoint shards:  42%|████▏     | 5/12 [00:03<00:04,  1.45it/s]Loading checkpoint shards:  50%|█████     | 6/12 [00:04<00:03,  1.52it/s]Loading checkpoint shards:  58%|█████▊    | 7/12 [00:04<00:03,  1.48it/s]Loading checkpoint shards:  67%|██████▋   | 8/12 [00:05<00:02,  1.59it/s]Loading checkpoint shards:  75%|███████▌  | 9/12 [00:06<00:01,  1.51it/s]Loading checkpoint shards:  83%|████████▎ | 10/12 [00:06<00:01,  1.39it/s]Loading checkpoint shards:  92%|█████████▏| 11/12 [00:07<00:00,  1.52it/s]Loading checkpoint shards: 100%|██████████| 12/12 [00:07<00:00,  2.03it/s]Loading checkpoint shards: 100%|██████████| 12/12 [00:07<00:00,  1.60it/s]
✓ 模型加载完成

读取了 10 个AI生成的lipid分子

================================================================================
开始预测效率分数和理由
================================================================================

[1/10] 预测 Lipid ID=1...
  SMILES: CCCCCCCCCCCCCNC(=O)C(CCCCCOC(=O)CCCCCCCCCC)NC1=CNN=C1...
Traceback (most recent call last):
  File "/mnt/3fs/dots-pretrain/leshu/workspace/Texgemma/predict_ai_lipids.py", line 126, in <module>
    outputs = model.generate(
              ^^^^^^^^^^^^^^^
  File "/usr/local/lib/python3.12/dist-packages/torch/utils/_contextlib.py", line 116, in decorate_context
    return func(*args, **kwargs)
           ^^^^^^^^^^^^^^^^^^^^^
  File "/usr/local/lib/python3.12/dist-packages/transformers/generation/utils.py", line 2564, in generate
    result = decoding_method(
             ^^^^^^^^^^^^^^^^
  File "/usr/local/lib/python3.12/dist-packages/transformers/generation/utils.py", line 2787, in _sample
    outputs = model_forward(**model_inputs, return_dict=True)
              ^^^^^^^^^^^^^^^^^^^^^^^^^^^^^^^^^^^^^^^^^^^^^^^
  File "/usr/local/lib/python3.12/dist-packages/torch/nn/modules/module.py", line 1751, in _wrapped_call_impl
    return self._call_impl(*args, **kwargs)
           ^^^^^^^^^^^^^^^^^^^^^^^^^^^^^^^^
  File "/usr/local/lib/python3.12/dist-packages/torch/nn/modules/module.py", line 1762, in _call_impl
    return forward_call(*args, **kwargs)
           ^^^^^^^^^^^^^^^^^^^^^^^^^^^^^
  File "/usr/local/lib/python3.12/dist-packages/accelerate/hooks.py", line 175, in new_forward
    output = module._old_forward(*args, **kwargs)
             ^^^^^^^^^^^^^^^^^^^^^^^^^^^^^^^^^^^^
  File "/usr/local/lib/python3.12/dist-packages/transformers/utils/generic.py", line 918, in wrapper
    output = func(self, *args, **kwargs)
             ^^^^^^^^^^^^^^^^^^^^^^^^^^^
  File "/usr/local/lib/python3.12/dist-packages/transformers/models/gemma2/modeling_gemma2.py", line 549, in forward
    outputs: BaseModelOutputWithPast = self.model(
                                       ^^^^^^^^^^^
  File "/usr/local/lib/python3.12/dist-packages/torch/nn/modules/module.py", line 1751, in _wrapped_call_impl
    return self._call_impl(*args, **kwargs)
           ^^^^^^^^^^^^^^^^^^^^^^^^^^^^^^^^
  File "/usr/local/lib/python3.12/dist-packages/torch/nn/modules/module.py", line 1762, in _call_impl
    return forward_call(*args, **kwargs)
           ^^^^^^^^^^^^^^^^^^^^^^^^^^^^^
  File "/usr/local/lib/python3.12/dist-packages/transformers/utils/generic.py", line 1064, in wrapper
    outputs = func(self, *args, **kwargs)
              ^^^^^^^^^^^^^^^^^^^^^^^^^^^
  File "/usr/local/lib/python3.12/dist-packages/transformers/models/gemma2/modeling_gemma2.py", line 464, in forward
    layer_outputs = decoder_layer(
                    ^^^^^^^^^^^^^^
  File "/usr/local/lib/python3.12/dist-packages/transformers/modeling_layers.py", line 94, in __call__
    return super().__call__(*args, **kwargs)
           ^^^^^^^^^^^^^^^^^^^^^^^^^^^^^^^^^
  File "/usr/local/lib/python3.12/dist-packages/torch/nn/modules/module.py", line 1751, in _wrapped_call_impl
    return self._call_impl(*args, **kwargs)
           ^^^^^^^^^^^^^^^^^^^^^^^^^^^^^^^^
  File "/usr/local/lib/python3.12/dist-packages/torch/nn/modules/module.py", line 1762, in _call_impl
    return forward_call(*args, **kwargs)
           ^^^^^^^^^^^^^^^^^^^^^^^^^^^^^
  File "/usr/local/lib/python3.12/dist-packages/accelerate/hooks.py", line 170, in new_forward
    args, kwargs = module._hf_hook.pre_forward(module, *args, **kwargs)
                   ^^^^^^^^^^^^^^^^^^^^^^^^^^^^^^^^^^^^^^^^^^^^^^^^^^^^
  File "/usr/local/lib/python3.12/dist-packages/accelerate/hooks.py", line 369, in pre_forward
    return send_to_device(args, self.execution_device), send_to_device(
                                                        ^^^^^^^^^^^^^^^
  File "/usr/local/lib/python3.12/dist-packages/accelerate/utils/operations.py", line 180, in send_to_device
    k: t if k in skip_keys else send_to_device(t, device, non_blocking=non_blocking, skip_keys=skip_keys)
                                ^^^^^^^^^^^^^^^^^^^^^^^^^^^^^^^^^^^^^^^^^^^^^^^^^^^^^^^^^^^^^^^^^^^^^^^^^
  File "/usr/local/lib/python3.12/dist-packages/accelerate/utils/operations.py", line 170, in send_to_device
    return honor_type(
           ^^^^^^^^^^^
  File "/usr/local/lib/python3.12/dist-packages/accelerate/utils/operations.py", line 82, in honor_type
    return type(obj)(generator)
           ^^^^^^^^^^^^^^^^^^^^
  File "/usr/local/lib/python3.12/dist-packages/accelerate/utils/operations.py", line 171, in <genexpr>
    tensor, (send_to_device(t, device, non_blocking=non_blocking, skip_keys=skip_keys) for t in tensor)
             ^^^^^^^^^^^^^^^^^^^^^^^^^^^^^^^^^^^^^^^^^^^^^^^^^^^^^^^^^^^^^^^^^^^^^^^^^
  File "/usr/local/lib/python3.12/dist-packages/accelerate/utils/operations.py", line 154, in send_to_device
    return tensor.to(device, non_blocking=non_blocking)
           ^^^^^^^^^^^^^^^^^^^^^^^^^^^^^^^^^^^^^^^^^^^^
KeyboardInterrupt
