/usr/local/lib/python3.12/dist-packages/torch/cuda/__init__.py:61: FutureWarning: The pynvml package is deprecated. Please install nvidia-ml-py instead. If you did not install pynvml directly, please report this to the maintainers of the package that installed pynvml for you.
  import pynvml  # type: ignore[import]
读取Excel文件: /mnt/3fs/dots-pretrain/leshu/workspace/Smiles比较.xlsx

找到 2 个SMILES结构
   0       1                                                  2
0  1   A18E1  O=C(OCC1CCC(COC(CCCCCCCCCC)=O)CC1)CCN(CCC(OCC2...
1  2  A18C18  O=C(OCCCCCCCCCCCCCCCCCC)CCN(CCC(OCCCCCCCCCCCCC...

解析到 2 个有效的SMILES结构
  - A18E1: O=C(OCC1CCC(COC(CCCCCCCCCC)=O)CC1)CCN(CCC(OCC2CCC(...
  - A18C18: O=C(OCCCCCCCCCCCCCCCCCC)CCN(CCC(OCCCCCCCCCCCCCCCCC...
正在加载模型: /mnt/3fs/dots-pretrain/leshu/workspace/Txgemma/txgemma-27b-chat
Loading checkpoint shards:   0%|          | 0/12 [00:00<?, ?it/s]Loading checkpoint shards:   8%|▊         | 1/12 [00:11<02:11, 11.99s/it]Loading checkpoint shards:  17%|█▋        | 2/12 [00:24<02:00, 12.07s/it]Loading checkpoint shards:  25%|██▌       | 3/12 [00:36<01:49, 12.22s/it]Loading checkpoint shards:  33%|███▎      | 4/12 [00:49<01:38, 12.37s/it]Loading checkpoint shards:  42%|████▏     | 5/12 [01:01<01:26, 12.41s/it]Loading checkpoint shards:  50%|█████     | 6/12 [01:14<01:14, 12.42s/it]Loading checkpoint shards:  58%|█████▊    | 7/12 [01:26<01:02, 12.49s/it]Loading checkpoint shards:  67%|██████▋   | 8/12 [01:38<00:49, 12.39s/it]Loading checkpoint shards:  75%|███████▌  | 9/12 [01:51<00:37, 12.35s/it]Loading checkpoint shards:  83%|████████▎ | 10/12 [02:03<00:24, 12.37s/it]Loading checkpoint shards:  92%|█████████▏| 11/12 [02:15<00:12, 12.37s/it]Loading checkpoint shards: 100%|██████████| 12/12 [02:17<00:00,  9.16s/it]Loading checkpoint shards: 100%|██████████| 12/12 [02:17<00:00, 11.48s/it]
模型加载完成！

================================================================================
分析 A18E1
================================================================================
正在生成预测...

预测结果:
user
You are an expert in lipid nanoparticle (LNP) design and mRNA delivery. 

Please analyze the following ionizable lipid SMILES structure and predict its mRNA transfection efficiency:

SMILES: O=C(OCC1CCC(COC(CCCCCCCCCC)=O)CC1)CCN(CCC(OCC2CCC(COC(CCCCCCCCCC)=O)CC2)=O)CCN(CCNCCC(OCC3CCC(CC3)COC(CCCCCCCCCC)=O)=O)CCN(CCC(OCC4CCC(CC4)COC(CCCCCCCCCC)=O)=O)CCC(OCC5CCC(CC5)COC(CCCCCCCCCC)=O)=O

Please provide:
1. Predicted mRNA transfection efficiency (qualitative assessment: High/Medium/Low and quantitative if possible)
2. Detailed structural analysis including:
   - Hydrophobic tail length and its impact
   - Ester bond type and positioning
   - Number of lipid tails
   - Number of tertiary amines
   - Head group structure
3. Rationale for your prediction, explaining how each structural feature influences:
   - Membrane fusion capability
   - Endosomal escape efficiency
   - Biodegradability
   - Overall delivery performance

Please provide a comprehensive analysis with specific attention to structure-activity relationships.
model
## Analysis of Ionizable Lipid SMILES:

The provided SMILES string represents a complex ionizable lipid with multiple long alkyl chains. Let's break down its structure and analyze its potential for mRNA delivery.

**1. Predicted mRNA transfection efficiency:**

**Qualitative Assessment:** **Medium**

**Quantitative Assessment:** Difficult to predict precisely without experimental data. However, based on structural features, it might fall within the range of 5-30% transfection efficiency.

**2. Detailed structural analysis:**

* **Hydrophobic tail length and its impact:** The lipid features multiple long alkyl chains (CCCCCCCCCC) attached to the core structure. These long chains contribute significantly to the lipid's hydrophobicity, enhancing its ability to encapsulate and protect mRNA. However, excessive hydrophobicity can hinder endosomal escape and limit transfection efficiency.
* **Ester bond type and positioning:** The structure seems to contain ester bonds (COO) connecting the hydrophobic tails to the core structure. The specific positioning of these bonds is crucial for hydrolysis and biodegradability. Terminal ester bonds are more susceptible to enzymatic degradation, facilitating mRNA release within the cytoplasm.
* **Number of lipid tails:** The lipid possesses multiple (at least 4) lipid tails, contributing to its overall hydrophobicity and stability within the LNP. However, this high number of tails might increase the particle size and potentially affect cellular uptake.
* **Number of tertiary amines:** The structure exhibits multiple tertiary amines (N) within the head group region. These tertiary amines are crucial for the "proton sponge" effect, facilitating endosomal escape by buffering the acidic environment and inducing osmotic swelling.
* **Head group structure:** The head group consists of a complex arrangement of tertiary amines and ether linkages. This complex structure likely contributes to the lipid's ionizable nature and its ability to interact with the negatively charged mRNA.

**3. Rationale for prediction and structure-activity relationships:**

* **Membrane fusion capability:** The long hydrophobic tails promote strong interactions with cell membranes, facilitating LNP uptake through endocytosis. However, the high hydrophobicity might hinder membrane fusion within the endosome, potentially reducing transfection efficiency.
* **Endosomal escape efficiency:** The multiple tertiary amines in the head group contribute to the "proton sponge" effect, which aids in endosomal escape. However, the efficiency of endosomal escape might be limited by the high number of lipid tails, potentially hindering LNP swelling and membrane disruption.
* **Biodegradability:** The presence of ester bonds suggests potential for enzymatic degradation, allowing for mRNA release in the cytoplasm. The specific positioning of these bonds will determine the rate of degradation and the timing of mRNA release.
* **Overall delivery performance:** The lipid presents a mixed bag in terms of delivery performance. While its hydrophobicity and multiple tertiary amines favor mRNA encapsulation and endosomal escape, the high number of tails and potentially limited membrane fusion capability might hinder overall transfection efficiency.

**Further considerations:**

* **LNP formulation:** The overall transfection efficiency of LNPs is not solely determined by the ionizable lipid. Other components like helper lipids, PEGylation, and mRNA modifications play crucial roles.
* **Target cell type:** Transfection efficiency can vary significantly depending on the specific cell type being targeted.
* **Experimental validation:** This analysis is based on structural features and general principles. Experimental validation through in vitro and in vivo studies is essential to confirm the predicted transfection efficiency.

**Conclusion:**

The analyzed ionizable lipid possesses properties that could contribute to mRNA delivery, but its complex structure and high hydrophobicity might present challenges. Further optimization of the lipid structure and LNP formulation is recommended to improve its overall transfection efficiency. Experimental validation is crucial to assess its true potential for mRNA delivery applications. 


================================================================================
分析 A18C18
================================================================================
正在生成预测...

预测结果:
user
You are an expert in lipid nanoparticle (LNP) design and mRNA delivery. 

Please analyze the following ionizable lipid SMILES structure and predict its mRNA transfection efficiency:

SMILES: O=C(OCCCCCCCCCCCCCCCCCC)CCN(CCC(OCCCCCCCCCCCCCCCCCC)=O)CCN(CCNCCC(OCCCCCCCCCCCCCCCCCC)=O)CCN(CCC(OCCCCCCCCCCCCCCCCCC)=O)CCC(OCCCCCCCCCCCCCCCCCC)=O

Please provide:
1. Predicted mRNA transfection efficiency (qualitative assessment: High/Medium/Low and quantitative if possible)
2. Detailed structural analysis including:
   - Hydrophobic tail length and its impact
   - Ester bond type and positioning
   - Number of lipid tails
   - Number of tertiary amines
   - Head group structure
3. Rationale for your prediction, explaining how each structural feature influences:
   - Membrane fusion capability
   - Endosomal escape efficiency
   - Biodegradability
   - Overall delivery performance

Please provide a comprehensive analysis with specific attention to structure-activity relationships.
model
## Analysis of Ionizable Lipid SMILES Structure for mRNA Transfection Efficiency

**SMILES:** O=C(OCCCCCCCCCCCCCCCCCC)CCN(CCC(OCCCCCCCCCCCCCCCCCC)=O)CCN(CCNCCC(OCCCCCCCCCCCCCCCCCC)=O)CCN(CCC(OCCCCCCCCCCCCCCCCCC)=O)CCC(OCCCCCCCCCCCCCCCCCC)=O

**1. Predicted mRNA Transfection Efficiency:** **Low**

**Quantitative prediction is not possible without experimental data or advanced computational modelling.** However, based on the structure alone, several features suggest low transfection efficiency:

* **Extremely long alkyl chains:** The presence of 16-carbon alkyl chains in all tails significantly increases hydrophobicity. While hydrophobicity is necessary for LNP formation and cellular uptake, excessive hydrophobicity hinders endosomal escape and may lead to aggregation and reduced circulation time.
* **Lack of ionizable groups in the tails:** The absence of ionizable groups in the tails limits pH-responsive endosomal escape. This is crucial for releasing mRNA into the cytoplasm.
* **Neutral head group:**  The urea-based head group lacks a tertiary amine.  Tertiary amines are essential for protonation in the acidic endosomal environment, facilitating membrane fusion and endosomal escape.

**2. Detailed Structural Analysis:**

* **Hydrophobic tail length:** 16 carbons per tail. This is considerably longer than typical LNP tails (usually 10-14 carbons), leading to increased hydrophobicity and potential issues with endosomal escape and circulation.
* **Ester bond type and positioning:** No ester bonds are present. The lipid consists solely of hydrocarbon chains linked to the urea head group. Ester bonds are often used to connect PEGylated chains for improved biocompatibility and circulation time.
* **Number of lipid tails:** Four tails. This is a typical number for LNP formulations, contributing to stability and encapsulation efficiency.
* **Number of tertiary amines:** Zero. This is a major drawback as tertiary amines are crucial for pH-responsive endosomal escape.
* **Head group structure:** Urea-based, lacking tertiary amines. Urea is a common head group for LNPs, but the absence of tertiary amines severely limits its functionality.

**3. Rationale for Prediction & Structure-Activity Relationships:**

* **Membrane fusion capability:** The lack of ionizable groups in the tails and the neutral head group significantly hinders membrane fusion with the endosomal membrane. This process is crucial for releasing the mRNA into the cytoplasm. 
* **Endosomal escape efficiency:** The absence of tertiary amines prevents efficient protonation in the acidic endosomal environment. This protonation is essential for triggering conformational changes that facilitate membrane fusion and endosomal escape.
* **Biodegradability:** The long hydrocarbon chains without ester bonds may lead to slower biodegradation, potentially causing accumulation in tissues and increasing toxicity.
* **Overall delivery performance:** The combination of poor membrane fusion capability, inefficient endosomal escape, and potential biodegradability concerns strongly suggests low mRNA transfection efficiency.

**Conclusion:**

The analyzed ionizable lipid exhibits several structural features that are detrimental to efficient mRNA delivery: excessive hydrophobicity, lack of ionizable groups in the tails, and a neutral head group lacking tertiary amines. These features significantly hinder membrane fusion, endosomal escape, and potentially biodegradability, leading to a predicted low mRNA transfection efficiency. 

**Recommendations for Improvement:**

* **Reduce tail length:** Shortening the alkyl chains to 10-14 carbons would decrease hydrophobicity and improve endosomal escape.
* **Introduce ionizable groups:** Incorporating tertiary amines in the tails or head group would enable pH-responsive endosomal escape.
* **Add PEGylated chains:** Attaching PEGylated chains via ester bonds would improve biocompatibility, circulation time, and reduce aggregation.
* **Explore alternative head groups:** Consider using head groups with proven efficacy in mRNA delivery, like cholesterol-based or zwitterionic head groups.

By optimizing these structural features, the transfection efficiency of the LNP could be significantly improved. However, experimental validation is essential to confirm the impact of each modification. 


结果已保存到: /mnt/3fs/dots-pretrain/leshu/workspace/txgemma_predictions.txt
Excel结果已保存到: /mnt/3fs/dots-pretrain/leshu/workspace/txgemma_predictions.xlsx
