nohup: ignoring input
======================================================================
药物效率分数预测系统 - RDKit + 模板化理由生成版本
======================================================================
✓ RDKit 已安装
测试模式: 否
======================================================================

加载数据...
总药物数: 2588

开始处理...
Traceback (most recent call last):
  File "/usr/local/lib/python3.12/dist-packages/pandas/core/indexes/base.py", line 3805, in get_loc
    return self._engine.get_loc(casted_key)
           ^^^^^^^^^^^^^^^^^^^^^^^^^^^^^^^^
  File "index.pyx", line 167, in pandas._libs.index.IndexEngine.get_loc
  File "index.pyx", line 196, in pandas._libs.index.IndexEngine.get_loc
  File "pandas/_libs/hashtable_class_helper.pxi", line 7081, in pandas._libs.hashtable.PyObjectHashTable.get_item
  File "pandas/_libs/hashtable_class_helper.pxi", line 7089, in pandas._libs.hashtable.PyObjectHashTable.get_item
KeyError: 'smile'

The above exception was the direct cause of the following exception:

Traceback (most recent call last):
  File "/mnt/3fs/dots-pretrain/leshu/workspace/Leshu_Exp/code/predict_efficiency_rdkit_with_template_reasoning.py", line 238, in <module>
    smiles = row['smile']
             ~~~^^^^^^^^^
  File "/usr/local/lib/python3.12/dist-packages/pandas/core/series.py", line 1121, in __getitem__
    return self._get_value(key)
           ^^^^^^^^^^^^^^^^^^^^
  File "/usr/local/lib/python3.12/dist-packages/pandas/core/series.py", line 1237, in _get_value
    loc = self.index.get_loc(label)
          ^^^^^^^^^^^^^^^^^^^^^^^^^
  File "/usr/local/lib/python3.12/dist-packages/pandas/core/indexes/base.py", line 3812, in get_loc
    raise KeyError(key) from err
KeyError: 'smile'
